equal_weight__caps_only 0.143333 0.9865
trend_200d__caps_only 0.133019 1.0355
momentum_12_1__caps_only 0.209996 1.1059
momentum_trend__caps_only 0.182935 1.0394
low_volatility__caps_only 0.079752 0.9613
reversal_5d__caps_only 0.138129 0.7528
pead_sue_10d__caps_only 0.056212 0.9253
pead_sue_20d__caps_only 0.06501 0.9104
pead_sue_40d__caps_only 0.060333 0.7517
pead_long_only__caps_only 0.072374 0.8699
earnings_reversal__caps_only -0.083756 -1.1751
pead_causal_ml_55__caps_only 0.08713 0.9045
pead_causal_ml_65__caps_only 0.006244 0.1199
equal_weight__vol_5pct 0.059736 1.0812
trend_200d__vol_5pct 0.056426 1.0046
momentum_12_1__vol_5pct 0.064622 1.159
momentum_trend__vol_5pct 0.059665 1.0575
low_volatility__vol_5pct 0.066073 1.1459
reversal_5d__vol_5pct 0.049763 0.9497
pead_sue_10d__vol_5pct 0.040046 1.0206
pead_sue_20d__vol_5pct 0.046892 1.0887
pead_sue_40d__vol_5pct 0.028902 0.6369
pead_long_only__vol_5pct 0.049668 1.1486
earnings_reversal__vol_5pct -0.06106 -1.4446
pead_causal_ml_55__vol_5pct 0.047708 1.0327
pead_causal_ml_65__vol_5pct 0.013817 0.4087
